erfusuer
yifusuyi
erfusuer
erfusuer
yifusuyi
erfusuer
yifusuyi
yifusuyi
erfusuer
erfusuer
yifusuyi
yifusuyi
erfusuer
erfusuer
yifusuyi
yifusuyi
erfusuer
yifusuyi
yifusuyi
erfusuer
yifusuyi
yifusuyi
erfusuer
erfusuer
yifusuyi
yifusuyi
erfusuer
yifusuyi
yifusuyi
yifusuyi
erfusuer
erfusuer
yifusuyi
yifusuyi
yifusuyi
erfusuer
erfusuer
yifusuyi
erfusuer
yifusuyi
yifusuyi
yifusuyi
erfusuer
erfusuer
yifusuyi
erfusuer
erfusuer
yifusuyi
erfusuer
yifusuyi
erfusuer
erfusuer
erfusuer
erfusuer
yifusuyi
erfusuer
erfusuer
erfusuer
erfusuer
erfusuer
yifusuyi
yifusuyi
yifusuyi
erfusuer
erfusuer
yifusuyi
erfusuer
yifusuyi
erfusuer
erfusuer
erfusuer
erfusuer
erfusuer
erfusuer
yifusuyi
erfusuer
erfusuer
yifusuyi
yifusuyi
erfusuer
erfusuer
yifusuyi
erfusuer
erfusuer
yifusuyi
yifusuyi
yifusuyi
yifusuyi
yifusuyi
yifusuyi
erfusuer
erfusuer
yifusuyi
erfusuer
yifusuyi
yifusuyi
yifusuyi
yifusuyi
yifusuyi
yifusuyi
erfusuer
yifusuyi
erfusuer
yifusuyi
yifusuyi
yifusuyi
erfusuer
erfusuer
yifusuyi
yifusuyi
yifusuyi
erfusuer
erfusuer
yifusuyi
yifusuyi
yifusuyi
erfusuer
yifusuyi
erfusuer
erfusuer
yifusuyi
yifusuyi
yifusuyi
erfusuer
erfusuer
erfusuer
yifusuyi
erfusuer
erfusuer
yifusuyi
erfusuer
yifusuyi
erfusuer
yifusuyi
yifusuyi
erfusuer
erfusuer
erfusuer
yifusuyi
yifusuyi
erfusuer
yifusuyi
yifusuyi
yifusuyi
erfusuer
yifusuyi
yifusuyi
erfusuer
erfusuer
erfusuer
erfusuer
erfusuer
erfusuer
yifusuyi
erfusuer
erfusuer
yifusuyi
erfusuer
yifusuyi
erfusuer
yifusuyi
erfusuer
erfusuer
yifusuyi
yifusuyi
erfusuer
erfusuer
erfusuer
yifusuyi
yifusuyi
erfusuer
erfusuer
yifusuyi
yifusuyi
erfusuer
yifusuyi
yifusuyi
yifusuyi
erfusuer
erfusuer
yifusuyi
erfusuer
yifusuyi
erfusuer
erfusuer
erfusuer
yifusuyi
erfusuer
erfusuer
erfusuer
erfusuer
yifusuyi
yifusuyi
erfusuer
erfusuer
yifusuyi
erfusuer
erfusuer
erfusuer
yifusuyi
erfusuer
yifusuyi
yifusuyi
yifusuyi
erfusuer
erfusuer
erfusuer
yifusuyi
yifusuyi
yifusuyi
yifusuyi
yifusuyi
yifusuyi
erfusuer
erfusuer
erfusuer
erfusuer
erfusuer
erfusuer
erfusuer
erfusuer
erfusuer
erfusuer
yifusuyi
erfusuer
yifusuyi
erfusuer
yifusuyi
yifusuyi
yifusuyi
erfusuer
yifusuyi
yifusuyi
yifusuyi
yifusuyi
erfusuer
yifusuyi
yifusuyi
erfusuer
yifusuyi
erfusuer
erfusuer
yifusuyi
erfusuer
erfusuer
yifusuyi
yifusuyi
erfusuer
erfusuer
erfusuer
erfusuer
yifusuyi
yifusuyi
erfusuer
yifusuyi
yifusuyi
erfusuer
erfusuer
erfusuer
yifusuyi
erfusuer
erfusuer
erfusuer
yifusuyi
yifusuyi
erfusuer
yifusuyi
yifusuyi
yifusuyi
erfusuer
erfusuer
erfusuer
erfusuer
erfusuer
yifusuyi
erfusuer
yifusuyi
yifusuyi
yifusuyi
yifusuyi
erfusuer
erfusuer
erfusuer
yifusuyi
yifusuyi
yifusuyi
erfusuer
yifusuyi
erfusuer
yifusuyi
erfusuer
yifusuyi
erfusuer
yifusuyi
yifusuyi
yifusuyi
erfusuer
yifusuyi
erfusuer
yifusuyi
yifusuyi
erfusuer
erfusuer
yifusuyi
yifusuyi
erfusuer
yifusuyi
erfusuer
erfusuer
yifusuyi
erfusuer
yifusuyi
yifusuyi
yifusuyi
erfusuer
erfusuer
yifusuyi
erfusuer
erfusuer
yifusuyi
yifusuyi
yifusuyi
erfusuer
yifusuyi
yifusuyi
yifusuyi
erfusuer
yifusuyi
yifusuyi
erfusuer
erfusuer
yifusuyi
yifusuyi
erfusuer
erfusuer
yifusuyi
yifusuyi
yifusuyi
erfusuer
erfusuer
erfusuer
yifusuyi
yifusuyi
erfusuer
yifusuyi
erfusuer
erfusuer
erfusuer
yifusuyi
erfusuer
yifusuyi
erfusuer
erfusuer
erfusuer
erfusuer
yifusuyi
yifusuyi
erfusuer
yifusuyi
yifusuyi
yifusuyi
erfusuer
yifusuyi
erfusuer
erfusuer
yifusuyi
erfusuer
yifusuyi
yifusuyi
erfusuer
erfusuer
erfusuer
erfusuer
erfusuer
yifusuyi
erfusuer
erfusuer
erfusuer
erfusuer
erfusuer
erfusuer
yifusuyi
yifusuyi
yifusuyi
yifusuyi
erfusuer
erfusuer
yifusuyi
yifusuyi
erfusuer
erfusuer
yifusuyi
yifusuyi
yifusuyi
yifusuyi
erfusuer
erfusuer
yifusuyi
erfusuer
yifusuyi
erfusuer
erfusuer
yifusuyi
erfusuer
yifusuyi
erfusuer
yifusuyi
erfusuer
yifusuyi
yifusuyi
yifusuyi
erfusuer
erfusuer
erfusuer
erfusuer
erfusuer
yifusuyi
yifusuyi
erfusuer
yifusuyi
yifusuyi
erfusuer
yifusuyi
yifusuyi
erfusuer
yifusuyi
yifusuyi
yifusuyi
erfusuer
erfusuer
erfusuer
yifusuyi
erfusuer
erfusuer
yifusuyi
yifusuyi
erfusuer
erfusuer
erfusuer
erfusuer
yifusuyi
erfusuer
yifusuyi
erfusuer
yifusuyi
erfusuer
erfusuer
erfusuer
yifusuyi
yifusuyi
yifusuyi
yifusuyi
erfusuer
yifusuyi
erfusuer
erfusuer
erfusuer
erfusuer
erfusuer
yifusuyi
erfusuer
erfusuer
erfusuer
erfusuer
erfusuer
yifusuyi
yifusuyi
erfusuer
yifusuyi
erfusuer
erfusuer
yifusuyi
yifusuyi
erfusuer
erfusuer
erfusuer
yifusuyi
erfusuer
yifusuyi
erfusuer
yifusuyi
yifusuyi
yifusuyi
erfusuer
yifusuyi
erfusuer
yifusuyi
erfusuer
erfusuer
yifusuyi
yifusuyi
yifusuyi
yifusuyi
erfusuer
yifusuyi
yifusuyi
erfusuer
yifusuyi
erfusuer
yifusuyi
erfusuer
yifusuyi
erfusuer
yifusuyi
erfusuer
erfusuer
erfusuer
yifusuyi
erfusuer
erfusuer
yifusuyi
yifusuyi
yifusuyi
erfusuer
erfusuer
yifusuyi
yifusuyi
erfusuer
erfusuer
erfusuer
yifusuyi
erfusuer
erfusuer
erfusuer
yifusuyi
yifusuyi
yifusuyi
erfusuer
yifusuyi
erfusuer
erfusuer
yifusuyi
yifusuyi
yifusuyi
erfusuer
yifusuyi
yifusuyi
erfusuer
yifusuyi
yifusuyi
erfusuer
erfusuer
yifusuyi
erfusuer
erfusuer
yifusuyi
yifusuyi
yifusuyi
yifusuyi
erfusuer
erfusuer
yifusuyi
yifusuyi
yifusuyi
erfusuer
yifusuyi
yifusuyi
erfusuer
yifusuyi
erfusuer
erfusuer
yifusuyi
yifusuyi
yifusuyi
yifusuyi
yifusuyi
yifusuyi
yifusuyi
yifusuyi
yifusuyi
erfusuer
erfusuer
yifusuyi
erfusuer
yifusuyi
yifusuyi
yifusuyi
erfusuer
yifusuyi
yifusuyi
yifusuyi
erfusuer
yifusuyi
yifusuyi
yifusuyi
yifusuyi
yifusuyi
yifusuyi
erfusuer
yifusuyi
erfusuer
erfusuer
erfusuer
erfusuer
yifusuyi
erfusuer
yifusuyi
erfusuer
yifusuyi
erfusuer
erfusuer
erfusuer
erfusuer
yifusuyi
yifusuyi
erfusuer
yifusuyi
erfusuer
yifusuyi
erfusuer
yifusuyi
yifusuyi
yifusuyi
yifusuyi
erfusuer
yifusuyi
erfusuer
yifusuyi
yifusuyi
erfusuer
yifusuyi
erfusuer
yifusuyi
yifusuyi
yifusuyi
yifusuyi
yifusuyi
erfusuer
yifusuyi
yifusuyi
yifusuyi
yifusuyi
erfusuer
erfusuer
yifusuyi
yifusuyi
erfusuer
erfusuer
yifusuyi
erfusuer
erfusuer
yifusuyi
yifusuyi
yifusuyi
erfusuer
yifusuyi
erfusuer
erfusuer
yifusuyi
erfusuer
erfusuer
erfusuer
yifusuyi
yifusuyi
erfusuer
yifusuyi
yifusuyi
yifusuyi
erfusuer
erfusuer
erfusuer
yifusuyi
yifusuyi
erfusuer
erfusuer
erfusuer
erfusuer
erfusuer
yifusuyi
erfusuer
yifusuyi
yifusuyi
yifusuyi
yifusuyi
erfusuer
erfusuer
yifusuyi
erfusuer
yifusuyi
erfusuer
erfusuer
erfusuer
yifusuyi
yifusuyi
yifusuyi
erfusuer
erfusuer
yifusuyi
yifusuyi
erfusuer
yifusuyi
yifusuyi
erfusuer
yifusuyi
erfusuer
erfusuer
erfusuer
erfusuer
yifusuyi
erfusuer
yifusuyi
yifusuyi
erfusuer
yifusuyi
yifusuyi
yifusuyi
yifusuyi
erfusuer
erfusuer
yifusuyi
erfusuer
erfusuer
erfusuer
erfusuer
yifusuyi
erfusuer
yifusuyi
yifusuyi
yifusuyi
erfusuer
erfusuer
yifusuyi
erfusuer
yifusuyi
yifusuyi
erfusuer
yifusuyi
erfusuer
erfusuer
yifusuyi
yifusuyi
erfusuer
yifusuyi
erfusuer
erfusuer
yifusuyi
erfusuer
erfusuer
yifusuyi
yifusuyi
erfusuer
erfusuer
yifusuyi
yifusuyi
yifusuyi
yifusuyi
erfusuer
erfusuer
erfusuer
yifusuyi
yifusuyi
yifusuyi
erfusuer
yifusuyi
yifusuyi
erfusuer
erfusuer
yifusuyi
yifusuyi
yifusuyi
erfusuer
erfusuer
yifusuyi
yifusuyi
erfusuer
yifusuyi
erfusuer
yifusuyi
yifusuyi
yifusuyi
yifusuyi
yifusuyi
erfusuer
erfusuer
erfusuer
erfusuer
yifusuyi
yifusuyi
erfusuer
erfusuer
yifusuyi
erfusuer
erfusuer
yifusuyi
erfusuer
yifusuyi
erfusuer
yifusuyi
yifusuyi
erfusuer
erfusuer
yifusuyi
yifusuyi
erfusuer
erfusuer
erfusuer
yifusuyi
erfusuer
yifusuyi
yifusuyi
yifusuyi
erfusuer
erfusuer
yifusuyi
yifusuyi
erfusuer
yifusuyi
yifusuyi
erfusuer
yifusuyi
yifusuyi
erfusuer
yifusuyi
yifusuyi
erfusuer
erfusuer
erfusuer
erfusuer
yifusuyi
yifusuyi
erfusuer
yifusuyi
erfusuer
yifusuyi
erfusuer
erfusuer
yifusuyi
erfusuer
yifusuyi
erfusuer
erfusuer
erfusuer
yifusuyi
yifusuyi
yifusuyi
erfusuer
yifusuyi
erfusuer
erfusuer
erfusuer
yifusuyi
erfusuer
yifusuyi
erfusuer
erfusuer
erfusuer
erfusuer
erfusuer
yifusuyi
yifusuyi
yifusuyi
erfusuer
yifusuyi
erfusuer
erfusuer
erfusuer
erfusuer
erfusuer
yifusuyi
erfusuer
erfusuer
yifusuyi
erfusuer
erfusuer
erfusuer
yifusuyi
yifusuyi
yifusuyi
erfusuer
yifusuyi
yifusuyi
erfusuer
yifusuyi
erfusuer
yifusuyi
yifusuyi
yifusuyi
yifusuyi
erfusuer
yifusuyi
erfusuer
erfusuer
yifusuyi
yifusuyi
yifusuyi
yifusuyi
yifusuyi
yifusuyi
yifusuyi
erfusuer
yifusuyi
yifusuyi
erfusuer
yifusuyi
yifusuyi
yifusuyi
yifusuyi
yifusuyi
erfusuer
erfusuer
yifusuyi
yifusuyi
erfusuer
yifusuyi
yifusuyi
yifusuyi
yifusuyi
yifusuyi
erfusuer
yifusuyi
erfusuer
yifusuyi
yifusuyi
yifusuyi
erfusuer
erfusuer
yifusuyi
erfusuer
erfusuer
erfusuer
erfusuer
erfusuer
yifusuyi
yifusuyi
erfusuer
erfusuer
erfusuer
yifusuyi
yifusuyi
erfusuer
yifusuyi
yifusuyi
yifusuyi
erfusuer
yifusuyi
yifusuyi
erfusuer
erfusuer
erfusuer
erfusuer
erfusuer
yifusuyi
yifusuyi
erfusuer
erfusuer
erfusuer
yifusuyi
erfusuer
erfusuer
yifusuyi
yifusuyi
erfusuer
erfusuer
erfusuer
yifusuyi
erfusuer
yifusuyi
erfusuer
erfusuer
yifusuyi
yifusuyi
yifusuyi
yifusuyi
erfusuer
erfusuer
erfusuer
yifusuyi
yifusuyi
erfusuer
erfusuer
yifusuyi
erfusuer
yifusuyi
yifusuyi
erfusuer
yifusuyi
erfusuer
yifusuyi
erfusuer
erfusuer
erfusuer
yifusuyi
yifusuyi
erfusuer
yifusuyi
erfusuer
erfusuer
yifusuyi
erfusuer
erfusuer
yifusuyi
erfusuer
yifusuyi
yifusuyi
yifusuyi
erfusuer
yifusuyi
erfusuer
erfusuer
yifusuyi
