0LI8uKhecf
13SKTfJ4L2
1VXbKZlpjv
1cmVSirMlG
1t9mRQRtaM
2IrsLxV8N8
2MAuzYK9pC
2wOFRPDdVd
3BnDyTTfWk
3JmUGa8gRv
5SVJvykzlJ
6yyXtG304J
Ad98KfIVqa
AfY2xTLyGf
Arz53G2JtS
B6DV1mTUoi
BReTHlD3Zq
Bdqxk7nDjV
Bs90T3mk7s
CePsbiAM0I
CjAkZrPvMe
D76A3uEQef
DAFdDo5rrS
DfwIsy49z0
ELep2FPabF
Ec151438aH
EpZKAMjy6f
FNTVwXWA1A
FQDddgmikl
FRLwfaUXgk
FRcDEWscyx
HAF8v1yoAY
HaYYJpruv2
ICsQsUiuFo
IFjm8lSl0e
JroCPQWfeF
KF00KlP95h
KF96LoTWKl
LIqvVZR0On
LvenfkIyTX
MEQgkSGdro
MkFq97eWFo
NMYyFmpPmm
NojEof9DpF
PktP3R0Xl2
QBz1CAjxRZ
QfIZL0449V
QkiZdGjmZD
QxDeMKzIlb
Ti2AupATrR
U00Vv6uX4v
U9aX9ymOvm
UQsK2QofGh
UiGApq5Jhs
VM0sXSPY9z
VrT47TlIMO
W6UENx7GJF
WFzP8mSlq7
WMTslR5mOL
WaL9YONoCd
XJqolnbxgW
XLOHsedhCT
XhS3WwJLRM
YWpPdnSTta
YaJnnKBo6p
YsPf6DCgoP
ZNbTGXEwhM
Zb1sneUWQZ
dOVJflbGhV
edK4vLsWld
elqDCGTBVu
gV7L11cxho
hzCFxiVYJZ
iE4feL1SSg
jng1aevsM0
jwKAk4wFoj
kQRz9Nxmov
kiiNaZs0xy
kr8NJgCEKZ
kxWwOlNUkk
lB4FMbjIwb
lMY5jlH7zH
mCp7gIjA4Z
mMQXkffZeh
mtAXXKSXQA
oxRHuOU5Jf
pXYHqZpJ5A
qUJYro3fbo
rQFSeGKHqI
siz4AqfbLe
u2qswwMxCw
uGJw8S63a1
uH2vW4R3Wl
vOIdcB3WD4
wWzRLyIOfJ
wkHhb1lSgG
xp9SVvxIOo
yIXX90wLgy
yNfqTt1H7l
yySj0jOUk2
