1P8VeOZYzm
1PikF8yYoP
1Q0BgsZwtR
1XhmzTdjCQ
1bSmVTPTzp
1yWbMH4Mdq
28RlKTmexC
2wYZn25QfX
2zeY34WYMO
4IdOru1GJN
55ovhJ9vUL
5DjfYQFtXq
5ES8hCzJ8j
5UWF9vRDjC
6zv9jPUmJi
75wkRGNKXE
7CULVHiM4r
7kCBYWew2m
85OjufOfnt
8uaPTbtYxB
8yPGq15tL0
90bfup8UNL
9LIaRQoi44
9XR5BxhiJk
9ZTV2i1Yf0
AzSsSZisPt
BC9mGiX2GT
BNSlVmu7OU
BiMIs7Lz6R
CHqImOv3h9
DCzvyPt7FL
ES6ObAlOjL
EXXVCmfbyg
Ewqs0xuwFr
GF7Tk8JxPC
GavFnw7d8D
H7WGakTFUD
I0boEb0d64
I4vmqJjic6
IafBBdNwmF
IzhAQecBVt
JTaeyv3hQJ
JaIUEMv56D
JtrNAzTsNM
JzonFiwKDU
LRCZrvqL0C
M5sMvuANRN
Mg3dK7UEBc
MolIfhBUZa
Nh0fA3JADY
OBx4V46lXY
P66YBnsDWj
R60MZqO7To
RwkzSGC9OW
S1Z61Zw3Ws
SkPgRSzvaC
TILUyxJAI8
TfrPQJpR1V
U9YWT7CcLc
UFITAvw8d0
UO3HfQQfgP
URpovgNyJk
UUKsHJKZFE
VTF2nnSMMy
VUsajZboPZ
Viru5xy6eG
Vl8VzDT868
VtN5cqCm3Q
W6z4TS8fuC
Whc18Q2mg7
X2WGfTrtXK
XSUAoW0Men
XkirtWkcu0
Y2efKudcZu
YDiri6PsRN
aRh5ofvHem
anT4Dqk2oa
bNm34NLnfV
bpb5z3uQBW
c2ItmJCQT7
ce4rrTaTeM
eAFikBj8hp
eh5FM5GqOj
ejtZLsZb0Q
ekVvtFYhGI
ew3zVsrQjj
f8O4iG3vju
fIDBXI5b18
gMsp8zcS9B
gYQnHYdqVw
i6GMH17lPI
i9UWwcQLw7
iNjAqcvQ3M
jH6lfEn9JY
kFIkPnrsvS
kVFtt4UsI0
kXbWVtJyBf
kpTFHoxL39
mNDxtZhcSi
nMGF1BTnkv
nO6HjTLrGR
nV3cupUgw2
nerjJRJ5JZ
o4t1MDu9PL
oYjfLWlkkN
okhNKNQBlm
pBGunYjwg4
pGCP0bW4kp
qChmuoOMuD
qQHjUPAmdJ
rpBG7GI27q
rsvm4X1eDk
tk38GPMj1u
tlPyW2e8Zy
u2SdPxnW33
uYJvN9wTrK
uimCJHRv9k
vGEmqJIF8Y
vcVxZc949o
w4nxh53uj1
wWUfPbSDbA
wtThM3TFIR
xu8Zg89c19
y8WFfHxtuy
y8l9A5yRF8
yD7rBpYI4s
yGKGbPa3P0
ymLC7OsBLX
z6kgex2gMO
zM10yqfG9W
zfiYAIhlBB
zklRGfbFYK
zt5E9JvjIC
zugSseuyb2
zxXCL87VgT
