08unrCpPpX
0cgm49miWM
16nHPnBp1j
1I0eP8vCVp
21fiC2MP9I
2IOqM8IyxJ
2ROaHqj2AQ
2TJMN6xDsJ
2wdZcyewV2
2zJs7dJG2h
3RPQljsrjI
3W4YMvgzm6
3aKSW0WjOH
3ebPtirvns
3paLVjwg34
4irIWsxN6j
5f45xloxlZ
5lzJOcnAjI
63p6C7X8vn
64voymN01o
6HUWlWLpui
6RZbFfM5rp
6Trq3nP8Oe
6WPgq120ec
6w52wCWXBb
726EehuApl
7OpAwuKLqA
7QQ8HGjzmr
7RjCXyihMK
7lKUUnokzK
8SsauQff4e
9AhS76tFT8
9hNbfS3glq
9w06gUTtg5
AE40Tu8TF3
AN0p1MzJ5l
AuM4uFrhwi
B0KiFIDtyx
B0yYfvKGaf
B1onZrgzvA
BNodub9rXn
BS8PLa2HrZ
BZxZ9l17WQ
BwblJ8bTLU
C7iy5naCiL
CRaq0r6wpy
CdwdzVdge4
CfWUtFd9fH
DJq0F1CdJk
E6nWbIxYUK
EACdRViX8W
ENTiFGMjX8
ENrZ58sVhn
EUGoDf2fNy
ErImbdgPEx
FO6ir0ASfQ
FQfUgrzPTS
Fh0SbAff9y
FnjP4vJnOG
Fwqgzc980Y
GOuC6BE72X
H2DsFi3FPc
HGq4mPnEJ3
HpV0mkick1
IL7FIA0W6O
IQCo1DuzO8
JDI5apWOYg
JSkcdz0Qr4
Jp1eLg4swn
Jw89nz2lda
KIS28R3PLR
KRcje8NXLo
KRkQs5z6XZ
KY0VjDf6th
KklORMTEXy
L8Dkbm12G9
NHOnxTZKLK
NLXHBg4nJ9
NhJDcS9eDg
ODYBSNhOML
ORfHBC2YCG
OhT75wgh4s
Owncszesgz
OxG7rvxjDZ
Oz5KGIMbCT
PXUNDEyKeh
PtFCpMFqyr
Pth40Cbc2q
Q4O70c7dD3
QnBF10ARaB
R2oXGzInfF
R8SVkiHvh7
RQ7ZI0dQlM
RsuWbJVmpY
SWbYmt9Qn8
Scla5VyRbV
Sh8aWLtUjd
SnwWHDl3o2
SyEpMbLXpM
T1GgQfWknt
TVqAzqbEwh
Tr473A5irV
U5V7bs9Zhm
UxKgEidM7U
VcetGkpLqd
ViTCPk10xU
WLcPqh7idY
WYbcnyqeLo
X4zZS77Qwk
XZU1fHjuFm
YQ6AKKotQB
YYkawqLtI8
YinupcOCLf
YlAsTihaTL
YskAaIxNPW
ZXT1um2SLa
ak9q55Vyvm
amHBVCoOeJ
by64zZiP0I
c4hZXqQeBo
cbDywIB3Pk
crkTUMTGK9
d20YuAJVAs
duvGU1ciQ4
eKA4l73Niz
eO9bhXGOOt
eYkynogU1R
eqaHAwRhGr
f083nTQnCM
fMURqGLQnS
fe5VJmILMs
flQgbWi7JZ
foM0hUe7ea
g7zoWUwXwz
gMi7d3f2l1
gO0tTrAlBp
gYTNCsOU0U
hCse1pF966
hG1mewDaqJ
hJR5yU5cBv
hcl0S7dta0
jBX70D8sEU
jar6W10wfT
jjPcPEsZcB
jnCThlpsF6
jqPwDX9vEv
kG8P5Z7dt6
kg0mFDsSvm
kgR2TUuxNR
lE7wICA1lO
lPWSeCtXYv
ldgWiVZDQo
llwdHsCOxA
lozEqQiMkY
mEcpusnNoa
n8v4MqetVr
n9F47m9byA
naDLlhEumd
nzPrCxlH34
o5L5CAnZS3
oCTrF0IpXp
p2TRvZaCF2
pE9HkSCxZo
pN5uw3V72s
pTdANiz9Wu
pbaOmwI6Ac
pi1YiAudUi
q3ongwII9A
q5DrJ7uXjW
qP9xSoIOxo
qUwffkZqYH
qZJQ1e3POF
qc9JGvWtHd
qcQcv0o9Iy
qtL5motxZe
qtPmU0iUog
rR0Hh9dk6e
s4CH1m2NDI
sTIgTUTVun
smUBy9FrmK
uJxJoVdEsa
ub5KSJeIs7
uhTRWkOeJH
unVSAGFKor
v4OpsY2RUZ
vLo74HI1ra
vgzVhyys99
wLv3i4HF2y
wbfNA5xQ4b
wx26WMNItd
x2GRRdmJgt
x5WXpWjLK3
xToFcFjKZ7
xVsT1Nc3Nc
xnvQNyZnpt
xt4aUZ5TeY
y5JHOeQ6Ey
y62s0WCJ7i
yZqbVAcp28
yw2bCUx4TK
