0N34pxvV83
0cxVxV5Fit
0mELStgBnf
1Qbmg0vsPi
1pu2Kk6Lwv
32uXLKrLzv
3w0pYp281E
4NuQNQgK6h
4cLObLpQ3P
4hOcHQwc7E
4s83ceDuAE
4xyEAekVQi
5NGcCX99qG
5b2TrjO0Mx
5o6F1XQDre
69DopoQEUG
6B0FQujPTq
6Dvd3Z6yfC
6HmTVudHfp
6PWynWi41d
6T31mSc88s
6XoOUOeW4w
6scI6aXm90
7BZRou6VNG
7M32lqzrVQ
7Su2IqczoJ
7T3M75s8pS
7wny35SvUb
87ODEmZ41H
8ClA38VLGg
8MmmEj64ch
8VtZCWz7oP
91iE9kcakM
92w8wS5K78
980wdV13e2
9GkPYeqPMB
9JuOBgyggQ
9NiWO2Hqwg
9hm2Bx8uoq
9rCaV89Nn6
Ac3GYsAFk2
AvRhrSqJFh
BbtIo3prty
C45zDenr4c
CH6mw22m0C
CfJMSpcsNW
Cgn6T8iISl
Cm3Amh0FgO
CufBtXnKNx
DEOifLbLwl
DZ675Y7vUp
DehdpaNqlh
DnSQ055Yl6
DqrsJPfwlP
DwjkojDyXF
E1cSx8FskQ
E7eTWffUEL
EdftPlGaBP
Eo3sUHvPXH
FaJ20q0BJ4
FkbKmWrrp6
Fmm8p1njnw
FxtZAHBfSI
G1k8AUQUxL
G3u2Bg5yy9
GCAaLd71Wt
GTqjRTC2j4
GZtSJJrCLX
GsF5rhEfVd
GvfwN5wVQ0
Gwb5vzVQnJ
HArQ7RfEvE
I6SygTdfvM
IXI4tHuAdZ
Ijgwr641iX
KP7Es2RcKg
KvQQgj2WD9
KyX5fftt8M
LAie2MojOe
LY1SU1EQUy
LiXbcaFf4P
M8W2rVG7lx
MEy72iuzAq
Mj12XmJ73y
NkU1YdjREA
Nkn3pFZW09
NsEcEzO9X2
NsJwvop2jM
O98OcFFAee
OAaea4rZNY
OFdOafMgwc
OP3d5oQCCC
OXLTe8n2hh
P462SGZqJR
P7rTfVEDm3
QQ3Dindwh4
QrAnBolTb5
R47pDPIpkz
RKFeMt0ClY
RP3KmWUHaX
S1EjED18Uq
TT4qjJTJXb
UNYFAglNAS
UWOuqUIDAA
UjhsGCBUyX
Ul42EPTL0z
UrJGBruGCx
UrkF12O6xN
UtfJfAT78T
Uxc4wnyzMg
Va706uTrEn
VeIEHibXDl
X0IqkdaYyR
XN19QnHgIK
XeB8qsoofw
XlnrcqbhiR
Xo2fLJpFlV
Y7RMaT4eJV
YctAc5JCqI
Yhen7M2nPd
YnmqfELRxX
ZEFBJLNSz3
ZJZ6G6PwUP
ZsAsBtlLVf
afefBf1OK5
aqqOYyad62
bA7Wg4jCXz
bONRkiVaJM
bPNfF3thh6
bPSlnoAUgO
bkeyPJkVl9
c91IZ1G0Sr
cP1H8uYKj1
cZaDAaBpNq
dVanKf0Cok
dd97pV6C0R
emTkQxeT4h
ey779FKxKi
f0UEBni1h6
fA2yl8hvwE
fIOHv1Hegg
g5fbDoRBJ3
gRqeWu3bNk
h4fPiA1gP5
h7rBwINZX3
hElmP3qIV2
hIoakGHcIt
iR0aR68Zb0
ifqgpkqmay
izs6OX0e8x
j5WFEXyQGE
j8TT1Yt3I0
j9nEt9mTPZ
jZQE3oLSFA
k4UyjdS1x9
k6N4kxtl2g
kIgocFGHOf
kvHRbEFaLO
lVDGbwurf5
lol8NM8jlI
lzY0oQLDgn
mPC8skCgqC
mSknmoh1IB
mamW3LINh2
oAT6jIMuF1
op10Ek0MzR
p2fJn0jpoB
prQ2Z0zzLs
r9fXKvsqbX
rQhbJfvLWj
rcaT4xebPo
rjEC6Nh6h7
rqMSdYviz1
rtkRZKAKy3
sGswE9NEb1
sII9A38TDU
sSCTrm9fWT
tByAYkp1Yx
uIrT2QZHvR
uK0OsYjAl2
uRuuKtKtWC
uXW2emu0YI
uZpbHAcmZk
v7e56ZRkym
vPHIJPkncZ
vQr3VSUikO
vqhAWzqr6K
wUj5TXpUbG
ws1kMrgUbs
x0ZrfzYnI5
x5AKoMrszc
x6X4tMFJiO
x9EzvhEH3g
xMpMY3FQVF
xZFpP8qKKR
xrMwVXHpxv
xyK0Y8cyyf
z1e2TrV1zn
zaDxqvg1qA
zxUNz3ifcQ
