1I2f1cQkn4
1IAbI0Lr6k
1MfWxrg210
1d6ymxZwrn
1szaiWdqP1
4b76Hkc0lB
4lk42oxV61
Ax1bIFY3yv
CANY1GqOuu
DiUuvDOuj8
DnB7r4g7Pl
FZQmrPgSRh
HxaqwJnqbY
JW7MQ4KfsM
M3oMjqpAVa
OQmbM5Y5iy
OqpQsP1dLR
OuehkMsEHa
PM8AMffQev
Tj8gLNbrqc
ToP2gfwbv6
UTEEgVszcH
ZhjaaufcX2
aTrRK6kqml
alu07zvoEe
bZ1DC6BxGq
dKWnkHsjuC
dMmznH7ckg
f4muZzAwZ0
irid5vFsrO
l6j4BvdnW5
mnpsiQkqGI
os11XvdWga
rHoeFVssNV
tFgTkyXtvn
vimYy4flPY
wAH0Wh7TSb
xTQkdLGiyj
yo6QncJhP4
zDs1xIR03V
