0D3uxeKucN
0km2MNy2Dy
0wDjWWByvP
1C40CquEy6
1RaFp8bHTL
3Ui5sOkqQL
3mNaDIkLSe
3quf5BMYJg
4JcFMgWysg
50VJdWTgDv
5orSTzTAEN
6hvId5G4Iu
72QSpWaVzI
83Q8zjD9eH
A7tdowQLMd
AvPwxkmSoM
C2KIdETiyT
Ci84GjCpmr
DCGac3pl3I
DO47WV8dNE
DpKNP1iIcQ
DwJasUxo7t
DxtmeAowPz
E56MlBrJ7i
ENNqHOb3gR
EyxpRON79r
FwoEEbShSd
GNgg2n0BRD
GOIiDazVyz
HiuO6Gh4mL
Ht1yR2q6f4
JJ1HnKQt2w
KBT0tUxElM
Lq3vpC25Xa
NXhTHjipjF
O8LsCw1CfH
OVmLll5P8I
Od8R12tdXD
PnQLqF0o42
QPZRxc8XuD
QiyASQKfs0
Qy3qZZtNxl
QzeZXb2vsv
RMMFnosn45
RY6o9tg8Ax
SV9cGJK8ix
TRqAP33H2o
U4uTOxSZBW
UlZw6JaXK6
V6UVaMP72W
W68vQZ2ALg
WDLeJBEong
WuY1jKSP2u
XTtrfAlHvp
XWSzL1CzHN
XcRkFe6loL
XuoDBksiqy
YLMjd0ovar
Z1ltu0W6gg
ZRxk0TFR8S
aD3GT78MJF
aFOM87Pdqq
drQODSUM1P
fI5TKh7Dgl
fbfLJZzq9U
fdVDqH5gNN
gBBRTFbnfM
gqlyKAP3P8
h1LphiTZVb
i1JKBfB3Zr
jESimH53q5
jEbHJNzV0G
k7HTguYUXT
l5A34i4mLD
lwFVJrSR43
mabPoUHst0
n8fPKu6HVG
oqOWso9F1A
qTKXj52Tu9
r37077OZh9
rF82DISvCj
rhGN2IvrPb
sMVoA1GORn
sN1H5SLgr4
sbYpIZ5k5Z
uocI7s0Ggi
v8OHgce8wE
vMmvc0WnoY
vbtMJX3nxL
vcigDMno6r
vtJp66t6V0
w7YkUhHuhj
wfysFeSUee
wvhSwgRDzq
xtBHlp1aWG
xyTmECtO0l
ySVjVgNRJ0
yig3yCgmkm
zfC6xmJIfX
zwR7EMPLne
