091h1yPBhL
0zt84SQMu8
1JC0NedX1Y
1eQveHZXZg
2klsB73T0m
3LGSA4hri5
3PLeveMLsG
3Rfc5nDZee
3wzZphUGOd
4hrAQj7r3p
4ohIeqKfx6
5VdJ1NsCQP
6jOMQjsN8e
6xogJ5u8Gf
76pAVB3UgT
7NYw0J7Vof
7u06UhrTe1
9mhVcwl06D
AZ4owhxPq3
B0Ua1yhAj3
B3x2mm8YhY
BB2fs41oNI
BJPG6fQAWU
BiNC6pd2rU
Bp5JksiZNt
CbbCgA0waH
Cu2IjbUxD2
D692wDgzTK
D7BwAKrxF1
DUKJRNefPo
DrpxmLMdpY
E2ZnMftavi
FndM5yftFb
FuzT84DsPV
GR0vWdlrTU
GZeJPeuRxQ
H3xisF9bHw
HIXSU2ifgi
IEVqbpczOl
IfhasCOjLB
JeMTih0c2Z
Jf8pzMsFeW
Jhb66t3woj
JpHTOcAdLN
KNkjF8CMLB
KWP89lTKEk
KYGL0FvFaK
LEcsOjhWHf
LVoQkqWK56
MfcXCeumii
NBVnxAiryt
OBuJLyDHrg
OrGRWA1ubS
PKkh6lcjrm
Q6iO1dWRTb
RIYKqgaXvE
Rc8dehocHK
S6hxJHujxN
Sq16iSqf7F
Sxlp5VvF6k
T7l1V0nWJ0
TSdsoBO59N
TXbnw4IkMz
UIB4pDXo9o
UfBF5WK1cx
VJNs0ujXqe
VfjxMT1yhL
XESE6aBAK1
XiPCA23fE4
YDXuQS7dq0
YSlcwYKzSl
YufieLn2rH
Yyr4m5xytD
Z8rqOJOYbm
ZiFXl30lhn
ZmlR3O6hbC
amwThEMq5E
az2hyyGVJu
b6Rbxd2U9T
bSHTk1j4PY
byDAUqmmap
d0aLEdiQyV
dOFQdKpPOR
dc7PlJgzpM
dljnnRK7CH
dxzXwSX9mb
e5Zs40Z5jC
eqAMTUdvot
ezpo3omnUZ
fIWIaZMPrs
fJGb97ldzF
g17KUcfZJ4
gXYuPKWnDw
gaVUbZk03q
h7uwtlNZCm
hbGhtIfJug
iBhMX1jUHD
ijrmhqXY4s
isqXHZviDG
iyUoUbY6J0
jZtdNQzOpc
jhZctyaTeo
kKgOrWk6aj
khFyvb2IQL
lMQQQXFQAy
mAy4BtDZxj
mjOmSvCucC
nKPJHu7cjX
nUyIGsCFUa
nd4nezNET8
oMsOD74Tjy
oXmRuYRnUD
oirvmxf8xf
pgXcsuUAoh
phlYJjjWIg
q0nZdZxRqz
q6HJI2xd3W
r48EE9ZZfC
rjGMpXckUh
sIjDbfoa3K
siWCSc1wWS
sn60rVidkE
th8ynuC0o0
tlkRGL6evV
tzO8leK4k1
uFUdHeU7hI
uN3sNWXgp5
udYfLBWKWm
ujyDtvATWx
vZO5WKVRrQ
xHMhxQQ4jn
xxoCC9yqdG
yHe1IGTRZO
yLPvqIyXLc
yRcazLDIkM
ySyCZCvSub
yhAL81yqAr
ysmMEhYo26
z1YlxAsclf
